// Jest Snapshot v1, https://goo.gl/fbAQLP

exports[`Copyright test Copyright should match snapshot 1`] = `
<p
  className="MuiTypography-root MuiTypography-body2 MuiTypography-colorTextSecondary MuiTypography-alignCenter"
>
  Copyright Â© 
   
  2020
  ALL RIGHT RESERVED
</p>
`;
