// Jest Snapshot v1, https://goo.gl/fbAQLP

exports[`Subscribe test Subscribe should match snapshot 1`] = `
<div>
  <img
    alt="Banner"
    className="makeStyles-footerBanner-2"
    src="/static/images/banner.png"
  />
  <div>
    <div
      className="MuiGrid-root MuiGrid-container"
    >
      <div
        className="MuiGrid-root MuiGrid-item MuiGrid-grid-xs-12 MuiGrid-grid-md-12 MuiGrid-grid-xl-12"
      >
        <p
          className="MuiTypography-root makeStyles-subscribeTypehead-7 MuiTypography-body1"
        >
          Subscribe to our news latter and receive exclusive offer every week
        </p>
      </div>
      <div
        className="MuiGrid-root MuiGrid-item MuiGrid-grid-xs-12 MuiGrid-grid-md-8 MuiGrid-grid-xl-8"
      >
        <div
          className="MuiInputBase-root makeStyles-subscribeInput-8"
          onClick={[Function]}
        >
          <input
            className="MuiInputBase-input"
            onAnimationStart={[Function]}
            onBlur={[Function]}
            onChange={[Function]}
            onFocus={[Function]}
            placeholder="Enter your email"
            type="text"
          />
        </div>
      </div>
      <div
        className="MuiGrid-root MuiGrid-item MuiGrid-grid-xs-12 MuiGrid-grid-md-4 MuiGrid-grid-xl-4"
      >
        <button
          aria-label="subscribe"
          className="MuiButtonBase-root MuiFab-root makeStyles-subscribeButton-9 MuiFab-extended MuiFab-sizeSmall MuiFab-primary"
          disabled={false}
          onBlur={[Function]}
          onDragLeave={[Function]}
          onFocus={[Function]}
          onKeyDown={[Function]}
          onKeyUp={[Function]}
          onMouseDown={[Function]}
          onMouseLeave={[Function]}
          onMouseUp={[Function]}
          onTouchEnd={[Function]}
          onTouchMove={[Function]}
          onTouchStart={[Function]}
          tabIndex={0}
          type="button"
        >
          <span
            className="MuiFab-label"
          >
            <div
              className="makeStyles-subscribeButtonText-10"
            >
              Subscribe
            </div>
          </span>
        </button>
      </div>
    </div>
  </div>
</div>
`;
